// Jest Snapshot v1, https://goo.gl/fbAQLP

exports[`Test the full App function 1`] = `null`;
