// Jest Snapshot v1, https://goo.gl/fbAQLP

exports[`Create an InputCell 1`] = `
<input
  className="cell-input"
  maxLength="1"
  onKeyPress={undefined}
/>
`;
