// Jest Snapshot v1, https://goo.gl/fbAQLP

exports[`Create a NoInputCell 1`] = `
<input
  className="cell-input noinput"
  id={undefined}
  maxLength="1"
  readOnly="true"
  value="1"
/>
`;
